{"clusterName":"goTestCluster","displayName":"commonMetrics","entityName":"common:commonMetrics","event_type":"ElasticsearchCommonSample","primaries.docsDeleted":0,"primaries.docsnumber":2,"primaries.flushTotalTimeInMilliseconds":15,"primaries.flushesTotal":10,"primaries.get.documentsExist":0,"primaries.get.documentsExistInMilliseconds":0,"primaries.get.documentsMissing":0,"primaries.get.documentsMissingInMilliseconds":0,"primaries.get.requests":0,"primaries.get.requestsCurrent":0,"primaries.get.requestsInMilliseconds":0,"primaries.index.docsCurrentlyDeleted":0,"primaries.index.docsCurrentlyDeletedInMilliseconds":0,"primaries.index.docsCurrentlyIndexing":0,"primaries.index.docsCurrentlyIndexingInMilliseconds":67,"primaries.index.docsDeleted":0,"primaries.index.docsTotal":1,"primaries.indexRefreshesTotal":46,"primaries.indexRefreshesTotalInMilliseconds":88,"primaries.merges.current":0,"primaries.merges.docsSegmentsCurrentlyMerged":0,"primaries.merges.docsTotal":0,"primaries.merges.segmentsCurrentlyMergedInBytes":0,"primaries.merges.segmentsTotal":0,"primaries.merges.segmentsTotalInBytes":0,"primaries.merges.segmentsTotalInMilliseconds":0,"primaries.queriesInMilliseconds":0,"primaries.queriesTotal":0,"primaries.queryActive":0,"primaries.queryFetches":0,"primaries.queryFetchesInMilliseconds":0,"primaries.queryFetchesTotal":0,"primaries.sizeInBytes":9364}