{"name":"Test","protocol_version":"3","integration_version":"0.0.1","data":[{"entity":{"name":"es6c-dev-m1.bluemedora.localnet","type":"es-node","id_attributes":[{"Key":"clusterName","Value":"es6-dev-cluster"}]},"metrics":[],"inventory":{"config/ingest":{"value":"append,convert,date,date_index_name,dot_expander,fail,foreach,grok,gsub,join,json,kv,lowercase,remove,rename,script,set,set_security_user,sort,split,trim,uppercase,urldecode"},"config/modules/aggs-matrix-stats/ClassName":{"value":"org.elasticsearch.search.aggregations.matrix.MatrixAggregationPlugin"},"config/modules/aggs-matrix-stats/Description":{"value":"Adds aggregations whose input are a list of numeric fields and output includes a matrix."},"config/modules/aggs-matrix-stats/ElasticsearchVersion":{"value":"6.3.2"},"config/modules/aggs-matrix-stats/JavaVersion":{"value":"1.8"},"config/modules/aggs-matrix-stats/Version":{"value":"6.3.2"},"config/modules/analysis-common/ClassName":{"value":"org.elasticsearch.analysis.common.CommonAnalysisPlugin"},"config/modules/analysis-common/Description":{"value":"Adds \"built in\" analyzers to Elasticsearch."},"config/modules/analysis-common/ElasticsearchVersion":{"value":"6.3.2"},"config/modules/analysis-common/JavaVersion":{"value":"1.8"},"config/modules/analysis-common/Version":{"value":"6.3.2"},"config/modules/ingest-common/ClassName":{"value":"org.elasticsearch.ingest.common.IngestCommonPlugin"},"config/modules/ingest-common/Description":{"value":"Module for ingest processors that do not require additional security permissions or have large dependencies and resources"},"config/modules/ingest-common/ElasticsearchVersion":{"value":"6.3.2"},"config/modules/ingest-common/JavaVersion":{"value":"1.8"},"config/modules/ingest-common/Version":{"value":"6.3.2"},"config/modules/lang-expression/ClassName":{"value":"org.elasticsearch.script.expression.ExpressionPlugin"},"config/modules/lang-expression/Description":{"value":"Lucene expressions integration for Elasticsearch"},"config/modules/lang-expression/ElasticsearchVersion":{"value":"6.3.2"},"config/modules/lang-expression/JavaVersion":{"value":"1.8"},"config/modules/lang-expression/Version":{"value":"6.3.2"},"config/modules/lang-mustache/ClassName":{"value":"org.elasticsearch.script.mustache.MustachePlugin"},"config/modules/lang-mustache/Description":{"value":"Mustache scripting integration for Elasticsearch"},"config/modules/lang-mustache/ElasticsearchVersion":{"value":"6.3.2"},"config/modules/lang-mustache/JavaVersion":{"value":"1.8"},"config/modules/lang-mustache/Version":{"value":"6.3.2"},"config/modules/lang-painless/ClassName":{"value":"org.elasticsearch.painless.PainlessPlugin"},"config/modules/lang-painless/Description":{"value":"An easy, safe and fast scripting language for Elasticsearch"},"config/modules/lang-painless/ElasticsearchVersion":{"value":"6.3.2"},"config/modules/lang-painless/JavaVersion":{"value":"1.8"},"config/modules/lang-painless/Version":{"value":"6.3.2"},"config/modules/mapper-extras/ClassName":{"value":"org.elasticsearch.index.mapper.MapperExtrasPlugin"},"config/modules/mapper-extras/Description":{"value":"Adds advanced field mappers"},"config/modules/mapper-extras/ElasticsearchVersion":{"value":"6.3.2"},"config/modules/mapper-extras/JavaVersion":{"value":"1.8"},"config/modules/mapper-extras/Version":{"value":"6.3.2"},"config/modules/parent-join/ClassName":{"value":"org.elasticsearch.join.ParentJoinPlugin"},"config/modules/parent-join/Description":{"value":"This module adds the support parent-child queries and aggregations"},"config/modules/parent-join/ElasticsearchVersion":{"value":"6.3.2"},"config/modules/parent-join/JavaVersion":{"value":"1.8"},"config/modules/parent-join/Version":{"value":"6.3.2"},"config/modules/percolator/ClassName":{"value":"org.elasticsearch.percolator.PercolatorPlugin"},"config/modules/percolator/Description":{"value":"Percolator module adds capability to index queries and query these queries by specifying documents"},"config/modules/percolator/ElasticsearchVersion":{"value":"6.3.2"},"config/modules/percolator/JavaVersion":{"value":"1.8"},"config/modules/percolator/Version":{"value":"6.3.2"},"config/modules/rank-eval/ClassName":{"value":"org.elasticsearch.index.rankeval.RankEvalPlugin"},"config/modules/rank-eval/Description":{"value":"The Rank Eval module adds APIs to evaluate ranking quality."},"config/modules/rank-eval/ElasticsearchVersion":{"value":"6.3.2"},"config/modules/rank-eval/JavaVersion":{"value":"1.8"},"config/modules/rank-eval/Version":{"value":"6.3.2"},"config/modules/reindex/ClassName":{"value":"org.elasticsearch.index.reindex.ReindexPlugin"},"config/modules/reindex/Description":{"value":"The Reindex module adds APIs to reindex from one index to another or update documents in place."},"config/modules/reindex/ElasticsearchVersion":{"value":"6.3.2"},"config/modules/reindex/JavaVersion":{"value":"1.8"},"config/modules/reindex/Version":{"value":"6.3.2"},"config/modules/repository-url/ClassName":{"value":"org.elasticsearch.plugin.repository.url.URLRepositoryPlugin"},"config/modules/repository-url/Description":{"value":"Module for URL repository"},"config/modules/repository-url/ElasticsearchVersion":{"value":"6.3.2"},"config/modules/repository-url/JavaVersion":{"value":"1.8"},"config/modules/repository-url/Version":{"value":"6.3.2"},"config/modules/transport-netty4/ClassName":{"value":"org.elasticsearch.transport.Netty4Plugin"},"config/modules/transport-netty4/Description":{"value":"Netty 4 based transport implementation"},"config/modules/transport-netty4/ElasticsearchVersion":{"value":"6.3.2"},"config/modules/transport-netty4/JavaVersion":{"value":"1.8"},"config/modules/transport-netty4/Version":{"value":"6.3.2"},"config/modules/tribe/ClassName":{"value":"org.elasticsearch.tribe.TribePlugin"},"config/modules/tribe/Description":{"value":"Tribe module"},"config/modules/tribe/ElasticsearchVersion":{"value":"6.3.2"},"config/modules/tribe/JavaVersion":{"value":"1.8"},"config/modules/tribe/Version":{"value":"6.3.2"},"config/modules/x-pack-core/ClassName":{"value":"org.elasticsearch.xpack.core.XPackPlugin"},"config/modules/x-pack-core/Description":{"value":"Elasticsearch Expanded Pack Plugin - Core"},"config/modules/x-pack-core/ElasticsearchVersion":{"value":"6.3.2"},"config/modules/x-pack-core/JavaVersion":{"value":"1.8"},"config/modules/x-pack-core/Version":{"value":"6.3.2"},"config/modules/x-pack-deprecation/ClassName":{"value":"org.elasticsearch.xpack.deprecation.Deprecation"},"config/modules/x-pack-deprecation/Description":{"value":"Elasticsearch Expanded Pack Plugin - Deprecation"},"config/modules/x-pack-deprecation/ElasticsearchVersion":{"value":"6.3.2"},"config/modules/x-pack-deprecation/JavaVersion":{"value":"1.8"},"config/modules/x-pack-deprecation/Version":{"value":"6.3.2"},"config/modules/x-pack-graph/ClassName":{"value":"org.elasticsearch.xpack.graph.Graph"},"config/modules/x-pack-graph/Description":{"value":"Elasticsearch Expanded Pack Plugin - Graph"},"config/modules/x-pack-graph/ElasticsearchVersion":{"value":"6.3.2"},"config/modules/x-pack-graph/JavaVersion":{"value":"1.8"},"config/modules/x-pack-graph/Version":{"value":"6.3.2"},"config/modules/x-pack-logstash/ClassName":{"value":"org.elasticsearch.xpack.logstash.Logstash"},"config/modules/x-pack-logstash/Description":{"value":"Elasticsearch Expanded Pack Plugin - Logstash"},"config/modules/x-pack-logstash/ElasticsearchVersion":{"value":"6.3.2"},"config/modules/x-pack-logstash/JavaVersion":{"value":"1.8"},"config/modules/x-pack-logstash/Version":{"value":"6.3.2"},"config/modules/x-pack-ml/ClassName":{"value":"org.elasticsearch.xpack.ml.MachineLearning"},"config/modules/x-pack-ml/Description":{"value":"Elasticsearch Expanded Pack Plugin - Machine Learning"},"config/modules/x-pack-ml/ElasticsearchVersion":{"value":"6.3.2"},"config/modules/x-pack-ml/JavaVersion":{"value":"1.8"},"config/modules/x-pack-ml/Version":{"value":"6.3.2"},"config/modules/x-pack-monitoring/ClassName":{"value":"org.elasticsearch.xpack.monitoring.Monitoring"},"config/modules/x-pack-monitoring/Description":{"value":"Elasticsearch Expanded Pack Plugin - Monitoring"},"config/modules/x-pack-monitoring/ElasticsearchVersion":{"value":"6.3.2"},"config/modules/x-pack-monitoring/JavaVersion":{"value":"1.8"},"config/modules/x-pack-monitoring/Version":{"value":"6.3.2"},"config/modules/x-pack-rollup/ClassName":{"value":"org.elasticsearch.xpack.rollup.Rollup"},"config/modules/x-pack-rollup/Description":{"value":"Elasticsearch Expanded Pack Plugin - Rollup"},"config/modules/x-pack-rollup/ElasticsearchVersion":{"value":"6.3.2"},"config/modules/x-pack-rollup/JavaVersion":{"value":"1.8"},"config/modules/x-pack-rollup/Version":{"value":"6.3.2"},"config/modules/x-pack-security/ClassName":{"value":"org.elasticsearch.xpack.security.Security"},"config/modules/x-pack-security/Description":{"value":"Elasticsearch Expanded Pack Plugin - Security"},"config/modules/x-pack-security/ElasticsearchVersion":{"value":"6.3.2"},"config/modules/x-pack-security/JavaVersion":{"value":"1.8"},"config/modules/x-pack-security/Version":{"value":"6.3.2"},"config/modules/x-pack-sql/ClassName":{"value":"org.elasticsearch.xpack.sql.plugin.SqlPlugin"},"config/modules/x-pack-sql/Description":{"value":"The Elasticsearch plugin that powers SQL for Elasticsearch"},"config/modules/x-pack-sql/ElasticsearchVersion":{"value":"6.3.2"},"config/modules/x-pack-sql/JavaVersion":{"value":"1.8"},"config/modules/x-pack-sql/Version":{"value":"6.3.2"},"config/modules/x-pack-upgrade/ClassName":{"value":"org.elasticsearch.xpack.upgrade.Upgrade"},"config/modules/x-pack-upgrade/Description":{"value":"Elasticsearch Expanded Pack Plugin - Upgrade"},"config/modules/x-pack-upgrade/ElasticsearchVersion":{"value":"6.3.2"},"config/modules/x-pack-upgrade/JavaVersion":{"value":"1.8"},"config/modules/x-pack-upgrade/Version":{"value":"6.3.2"},"config/modules/x-pack-watcher/ClassName":{"value":"org.elasticsearch.xpack.watcher.Watcher"},"config/modules/x-pack-watcher/Description":{"value":"Elasticsearch Expanded Pack Plugin - Watcher"},"config/modules/x-pack-watcher/ElasticsearchVersion":{"value":"6.3.2"},"config/modules/x-pack-watcher/JavaVersion":{"value":"1.8"},"config/modules/x-pack-watcher/Version":{"value":"6.3.2"},"config/network.host":{"value":"0.0.0.0"},"config/path.data":{"value":"/var/lib/elasticsearch"},"config/path.logs":{"value":"/var/log/elasticsearch"},"config/plugins/analysis-icu/ClassName":{"value":"org.elasticsearch.plugin.analysis.icu.AnalysisICUPlugin"},"config/plugins/analysis-icu/Description":{"value":"The ICU Analysis plugin integrates Lucene ICU module into elasticsearch, adding ICU relates analysis components."},"config/plugins/analysis-icu/ElasticsearchVersion":{"value":"6.3.2"},"config/plugins/analysis-icu/JavaVersion":{"value":"1.8"},"config/plugins/analysis-icu/Version":{"value":"6.3.2"},"config/process/id":{"value":15171},"config/process/mlockall":{"value":false},"config/process/refresh_interval_in_millis":{"value":1000}},"events":[]}]}