{"host":"10.77.10.83","process":{"refresh_interval_in_millis":1000,"id":15171,"mlockall":false},"ingest":{"processors":[{"type":"append"},{"type":"convert"},{"type":"date"},{"type":"date_index_name"},{"type":"dot_expander"},{"type":"fail"},{"type":"foreach"},{"type":"grok"},{"type":"gsub"},{"type":"join"},{"type":"json"},{"type":"kv"},{"type":"lowercase"},{"type":"remove"},{"type":"rename"},{"type":"script"},{"type":"set"},{"type":"set_security_user"},{"type":"sort"},{"type":"split"},{"type":"trim"},{"type":"uppercase"},{"type":"urldecode"}]},"plugins":[{"name":"analysis-icu","version":"6.3.2","elasticsearch_version":"6.3.2","java_version":"1.8","description":"The ICU Analysis plugin integrates Lucene ICU module into elasticsearch, adding ICU relates analysis components.","classname":"org.elasticsearch.plugin.analysis.icu.AnalysisICUPlugin"}],"modules":[{"name":"aggs-matrix-stats","version":"6.3.2","elasticsearch_version":"6.3.2","java_version":"1.8","description":"Adds aggregations whose input are a list of numeric fields and output includes a matrix.","classname":"org.elasticsearch.search.aggregations.matrix.MatrixAggregationPlugin"},{"name":"analysis-common","version":"6.3.2","elasticsearch_version":"6.3.2","java_version":"1.8","description":"Adds \"built in\" analyzers to Elasticsearch.","classname":"org.elasticsearch.analysis.common.CommonAnalysisPlugin"},{"name":"ingest-common","version":"6.3.2","elasticsearch_version":"6.3.2","java_version":"1.8","description":"Module for ingest processors that do not require additional security permissions or have large dependencies and resources","classname":"org.elasticsearch.ingest.common.IngestCommonPlugin"},{"name":"lang-expression","version":"6.3.2","elasticsearch_version":"6.3.2","java_version":"1.8","description":"Lucene expressions integration for Elasticsearch","classname":"org.elasticsearch.script.expression.ExpressionPlugin"},{"name":"lang-mustache","version":"6.3.2","elasticsearch_version":"6.3.2","java_version":"1.8","description":"Mustache scripting integration for Elasticsearch","classname":"org.elasticsearch.script.mustache.MustachePlugin"},{"name":"lang-painless","version":"6.3.2","elasticsearch_version":"6.3.2","java_version":"1.8","description":"An easy, safe and fast scripting language for Elasticsearch","classname":"org.elasticsearch.painless.PainlessPlugin"},{"name":"mapper-extras","version":"6.3.2","elasticsearch_version":"6.3.2","java_version":"1.8","description":"Adds advanced field mappers","classname":"org.elasticsearch.index.mapper.MapperExtrasPlugin"},{"name":"parent-join","version":"6.3.2","elasticsearch_version":"6.3.2","java_version":"1.8","description":"This module adds the support parent-child queries and aggregations","classname":"org.elasticsearch.join.ParentJoinPlugin"},{"name":"percolator","version":"6.3.2","elasticsearch_version":"6.3.2","java_version":"1.8","description":"Percolator module adds capability to index queries and query these queries by specifying documents","classname":"org.elasticsearch.percolator.PercolatorPlugin"},{"name":"rank-eval","version":"6.3.2","elasticsearch_version":"6.3.2","java_version":"1.8","description":"The Rank Eval module adds APIs to evaluate ranking quality.","classname":"org.elasticsearch.index.rankeval.RankEvalPlugin"},{"name":"reindex","version":"6.3.2","elasticsearch_version":"6.3.2","java_version":"1.8","description":"The Reindex module adds APIs to reindex from one index to another or update documents in place.","classname":"org.elasticsearch.index.reindex.ReindexPlugin"},{"name":"repository-url","version":"6.3.2","elasticsearch_version":"6.3.2","java_version":"1.8","description":"Module for URL repository","classname":"org.elasticsearch.plugin.repository.url.URLRepositoryPlugin"},{"name":"transport-netty4","version":"6.3.2","elasticsearch_version":"6.3.2","java_version":"1.8","description":"Netty 4 based transport implementation","classname":"org.elasticsearch.transport.Netty4Plugin"},{"name":"tribe","version":"6.3.2","elasticsearch_version":"6.3.2","java_version":"1.8","description":"Tribe module","classname":"org.elasticsearch.tribe.TribePlugin"},{"name":"x-pack-core","version":"6.3.2","elasticsearch_version":"6.3.2","java_version":"1.8","description":"Elasticsearch Expanded Pack Plugin - Core","classname":"org.elasticsearch.xpack.core.XPackPlugin"},{"name":"x-pack-deprecation","version":"6.3.2","elasticsearch_version":"6.3.2","java_version":"1.8","description":"Elasticsearch Expanded Pack Plugin - Deprecation","classname":"org.elasticsearch.xpack.deprecation.Deprecation"},{"name":"x-pack-graph","version":"6.3.2","elasticsearch_version":"6.3.2","java_version":"1.8","description":"Elasticsearch Expanded Pack Plugin - Graph","classname":"org.elasticsearch.xpack.graph.Graph"},{"name":"x-pack-logstash","version":"6.3.2","elasticsearch_version":"6.3.2","java_version":"1.8","description":"Elasticsearch Expanded Pack Plugin - Logstash","classname":"org.elasticsearch.xpack.logstash.Logstash"},{"name":"x-pack-ml","version":"6.3.2","elasticsearch_version":"6.3.2","java_version":"1.8","description":"Elasticsearch Expanded Pack Plugin - Machine Learning","classname":"org.elasticsearch.xpack.ml.MachineLearning"},{"name":"x-pack-monitoring","version":"6.3.2","elasticsearch_version":"6.3.2","java_version":"1.8","description":"Elasticsearch Expanded Pack Plugin - Monitoring","classname":"org.elasticsearch.xpack.monitoring.Monitoring"},{"name":"x-pack-rollup","version":"6.3.2","elasticsearch_version":"6.3.2","java_version":"1.8","description":"Elasticsearch Expanded Pack Plugin - Rollup","classname":"org.elasticsearch.xpack.rollup.Rollup"},{"name":"x-pack-security","version":"6.3.2","elasticsearch_version":"6.3.2","java_version":"1.8","description":"Elasticsearch Expanded Pack Plugin - Security","classname":"org.elasticsearch.xpack.security.Security"},{"name":"x-pack-sql","version":"6.3.2","elasticsearch_version":"6.3.2","java_version":"1.8","description":"The Elasticsearch plugin that powers SQL for Elasticsearch","classname":"org.elasticsearch.xpack.sql.plugin.SqlPlugin"},{"name":"x-pack-upgrade","version":"6.3.2","elasticsearch_version":"6.3.2","java_version":"1.8","description":"Elasticsearch Expanded Pack Plugin - Upgrade","classname":"org.elasticsearch.xpack.upgrade.Upgrade"},{"name":"x-pack-watcher","version":"6.3.2","elasticsearch_version":"6.3.2","java_version":"1.8","description":"Elasticsearch Expanded Pack Plugin - Watcher","classname":"org.elasticsearch.xpack.watcher.Watcher"}]}