{"clusterName":"goTestCluster","displayName":"twitter","entityName":"index:twitter","event_type":"ElasticsearchIndexSample","index.docs":1,"index.docsDeleted":0,"index.health":"green","index.primaryShards":3,"index.primaryStoreSizeInBytes":4126,"index.replicaShards":2,"index.storeSizeInBytes":12378}